Time resolution is 1 ps
Time = 0: switches_inputs = xxxxxxxxxxxxxxxx, led = xxxxxxxxxxxxxxxx
Time = 20000: switches_inputs = 0000000000000000, led = xxxxxxxxxxxxxxxx
Time = 27000: switches_inputs = 0000000000000000, led = xxxxxxxxxx0xxxxx
Time = 27000: switches_inputs = 0000000000000000, led = xxxxxxxx0x0xxxxx
Time = 27000: switches_inputs = 0000000000000000, led = xxxxxx0x0x0xxxxx
Time = 27000: switches_inputs = 0000000000000000, led = xxxxxx0x0x0xxxx0
Time = 27000: switches_inputs = 0000000000000000, led = xxxxxx0x000xxxx0
Time = 27000: switches_inputs = 0000000000000000, led = xxxxxx0x000xx0x0
Time = 27000: switches_inputs = 0000000000000000, led = xxxxxx0x000x00x0
Time = 27000: switches_inputs = 0000000000000000, led = xxxxxx0x000000x0
Time = 27000: switches_inputs = 0000000000000000, led = xxxxx00x000000x0
Time = 27000: switches_inputs = 0000000000000000, led = x0xxx00x000000x0
Time = 27000: switches_inputs = 0000000000000000, led = x0xx000x000000x0
Time = 28000: switches_inputs = 0000000000000000, led = x00x000x000000x0
Time = 28000: switches_inputs = 0000000000000000, led = x00x000x00000000
Time = 28000: switches_inputs = 0000000000000000, led = 000x000x00000000
Time = 28000: switches_inputs = 0000000000000000, led = 0000000x00000000
Time = 30000: switches_inputs = 0000000000000000, led = 0000000000000000
Time = 1000020000: switches_inputs = 1111111111111111, led = 0000000000000000
Time = 1000027000: switches_inputs = 1111111111111111, led = 0000000000100000
Time = 1000027000: switches_inputs = 1111111111111111, led = 0000000010100000
Time = 1000027000: switches_inputs = 1111111111111111, led = 0000001010100000
Time = 1000027000: switches_inputs = 1111111111111111, led = 0000001010100001
Time = 1000027000: switches_inputs = 1111111111111111, led = 0000001011100001
Time = 1000027000: switches_inputs = 1111111111111111, led = 0000001011100101
Time = 1000027000: switches_inputs = 1111111111111111, led = 0000001011101101
Time = 1000027000: switches_inputs = 1111111111111111, led = 0000001011111101
Time = 1000027000: switches_inputs = 1111111111111111, led = 0000011011111101
Time = 1000027000: switches_inputs = 1111111111111111, led = 0100011011111101
Time = 1000027000: switches_inputs = 1111111111111111, led = 0100111011111101
Time = 1000028000: switches_inputs = 1111111111111111, led = 0110111011111101
Time = 1000028000: switches_inputs = 1111111111111111, led = 0110111011111111
Time = 1000028000: switches_inputs = 1111111111111111, led = 1110111011111111
Time = 1000028000: switches_inputs = 1111111111111111, led = 1111111011111111
Time = 1000030000: switches_inputs = 1111111111111111, led = 1111111111111111
Time = 2000020000: switches_inputs = 0101010101010101, led = 1111111111111111
Time = 2000027000: switches_inputs = 0101010101010101, led = 1111111111011111
Time = 2000027000: switches_inputs = 0101010101010101, led = 1111110111011111
Time = 2000027000: switches_inputs = 0101010101010101, led = 1111110101011111
Time = 2000027000: switches_inputs = 0101010101010101, led = 1111110101010111
Time = 2000027000: switches_inputs = 0101010101010101, led = 1111010101010111
Time = 2000028000: switches_inputs = 0101010101010101, led = 1101010101010111
Time = 2000028000: switches_inputs = 0101010101010101, led = 1101010101010101
Time = 2000028000: switches_inputs = 0101010101010101, led = 0101010101010101
Time = 3000020000: switches_inputs = 1010101010101010, led = 0101010101010101
Time = 3000027000: switches_inputs = 1010101010101010, led = 0101010101110101
Time = 3000027000: switches_inputs = 1010101010101010, led = 0101010111110101
Time = 3000027000: switches_inputs = 1010101010101010, led = 0101011111110101
Time = 3000027000: switches_inputs = 1010101010101010, led = 0101011111110100
Time = 3000027000: switches_inputs = 1010101010101010, led = 0101011110110100
Time = 3000027000: switches_inputs = 1010101010101010, led = 0101011110110000
Time = 3000027000: switches_inputs = 1010101010101010, led = 0101011110111000
Time = 3000027000: switches_inputs = 1010101010101010, led = 0101011110101000
Time = 3000027000: switches_inputs = 1010101010101010, led = 0101001110101000
Time = 3000027000: switches_inputs = 1010101010101010, led = 0001001110101000
Time = 3000027000: switches_inputs = 1010101010101010, led = 0001101110101000
Time = 3000028000: switches_inputs = 1010101010101010, led = 0011101110101000
Time = 3000028000: switches_inputs = 1010101010101010, led = 0011101110101010
Time = 3000028000: switches_inputs = 1010101010101010, led = 1011101110101010
Time = 3000028000: switches_inputs = 1010101010101010, led = 1010101110101010
Time = 3000030000: switches_inputs = 1010101010101010, led = 1010101010101010
Time = 4000020000: switches_inputs = 1100110011001100, led = 1010101010101010
Time = 4000027000: switches_inputs = 1100110011001100, led = 1010101010001010
Time = 4000027000: switches_inputs = 1100110011001100, led = 1010100010001010
Time = 4000027000: switches_inputs = 1100110011001100, led = 1010100011001010
Time = 4000027000: switches_inputs = 1100110011001100, led = 1010100011001110
Time = 4000027000: switches_inputs = 1100110011001100, led = 1010110011001110
Time = 4000027000: switches_inputs = 1100110011001100, led = 1110110011001110
Time = 4000028000: switches_inputs = 1100110011001100, led = 1100110011001110
Time = 4000028000: switches_inputs = 1100110011001100, led = 1100110011001100
Time = 5000020000: switches_inputs = 0011001100110011, led = 1100110011001100
Time = 5000027000: switches_inputs = 0011001100110011, led = 1100110011101100
Time = 5000027000: switches_inputs = 0011001100110011, led = 1100110001101100
Time = 5000027000: switches_inputs = 0011001100110011, led = 1100111001101100
Time = 5000027000: switches_inputs = 0011001100110011, led = 1100111001101101
Time = 5000027000: switches_inputs = 0011001100110011, led = 1100111000101101
Time = 5000027000: switches_inputs = 0011001100110011, led = 1100111000101001
Time = 5000027000: switches_inputs = 0011001100110011, led = 1100111000100001
Time = 5000027000: switches_inputs = 0011001100110011, led = 1100111000110001
Time = 5000027000: switches_inputs = 0011001100110011, led = 1100101000110001
Time = 5000027000: switches_inputs = 0011001100110011, led = 1000101000110001
Time = 5000027000: switches_inputs = 0011001100110011, led = 1000001000110001
Time = 5000028000: switches_inputs = 0011001100110011, led = 1010001000110001
Time = 5000028000: switches_inputs = 0011001100110011, led = 1010001000110011
Time = 5000028000: switches_inputs = 0011001100110011, led = 0010001000110011
Time = 5000028000: switches_inputs = 0011001100110011, led = 0011001000110011
Time = 5000030000: switches_inputs = 0011001100110011, led = 0011001100110011
INFO: xsimkernel Simulation Memory Usage: 21072 KB (Peak: 21072 KB), Simulation CPU Usage: 195484 ms
